Building Windows installer...
  • electron-builder  version=21.2.0 os=10.0.19045
  • loaded configuration  file=package.json ("build" field)
  • packaging       platform=win32 arch=x64 electron=22.3.27 appOutDir=release-builds\win-unpacked
  • asar using is disabled — it is strongly not recommended  solution=enable asar and use asarUnpack to unpack files that must be externally available
  • downloading     url=https://github.com/electron-userland/electron-builder-binaries/releases/download/winCodeSign-2.5.0/winCodeSign-2.5.0.7z size=5.6 MB parts=1
  • downloaded      url=https://github.com/electron-userland/electron-builder-binaries/releases/download/winCodeSign-2.5.0/winCodeSign-2.5.0.7z duration=13.715s
  • building        target=nsis file=release-builds\StorePOS-Setup-1.0.0.exe archs=x64 oneClick=false perMachine=false
  • downloading     url=https://github.com/electron-userland/electron-builder-binaries/releases/download/nsis-3.0.3.2/nsis-3.0.3.2.7z size=1.4 MB parts=1
  • downloaded      url=https://github.com/electron-userland/electron-builder-binaries/releases/download/nsis-3.0.3.2/nsis-3.0.3.2.7z duration=4.603s
  ⨯ Get https://github.com/electron-userland/electron-builder-binaries/releases/download/nsis-resources-3.4.1/nsis-resources-3.4.1.7z: unexpected EOF
github.com/develar/app-builder/pkg/download.(*Downloader).follow.func1
	/Volumes/data/Documents/app-builder/pkg/download/downloader.go:158
github.com/develar/app-builder/pkg/download.(*Downloader).follow
	/Volumes/data/Documents/app-builder/pkg/download/downloader.go:186
github.com/develar/app-builder/pkg/download.(*Downloader).Download
	/Volumes/data/Documents/app-builder/pkg/download/downloader.go:80
github.com/develar/app-builder/pkg/download.DownloadArtifact
	/Volumes/data/Documents/app-builder/pkg/download/artifactDownloader.go:107
github.com/develar/app-builder/pkg/download.ConfigureArtifactCommand.func1
	/Volumes/data/Documents/app-builder/pkg/download/artifactDownloader.go:27
github.com/alecthomas/kingpin.(*actionMixin).applyActions
	/Volumes/data/go/pkg/mod/github.com/alecthomas/kingpin@v2.2.6+incompatible/actions.go:28
github.com/alecthomas/kingpin.(*Application).applyActions
	/Volumes/data/go/pkg/mod/github.com/alecthomas/kingpin@v2.2.6+incompatible/app.go:557
github.com/alecthomas/kingpin.(*Application).execute
	/Volumes/data/go/pkg/mod/github.com/alecthomas/kingpin@v2.2.6+incompatible/app.go:390
github.com/alecthomas/kingpin.(*Application).Parse
	/Volumes/data/go/pkg/mod/github.com/alecthomas/kingpin@v2.2.6+incompatible/app.go:222
main.main
	/Volumes/data/Documents/app-builder/main.go:90
runtime.main
	/usr/local/Cellar/go/1.12.7/libexec/src/runtime/proc.go:200
runtime.goexit
	/usr/local/Cellar/go/1.12.7/libexec/src/runtime/asm_amd64.s:1337  
  ⨯ D:\POS\store\node_modules\app-builder-bin\win\x64\app-builder.exe exited with code ERR_ELECTRON_BUILDER_CANNOT_EXECUTE  stackTrace=
                                                                                                                              Error: D:\POS\store\node_modules\app-builder-bin\win\x64\app-builder.exe exited with code ERR_ELECTRON_BUILDER_CANNOT_EXECUTE
                                                                                                                                  at ChildProcess.<anonymous> (D:\POS\store\node_modules\builder-util\src\util.ts:239:14)
                                                                                                                                  at Object.onceWrapper (node:events:631:26)
                                                                                                                                  at ChildProcess.emit (node:events:509:28)
                                                                                                                                  at maybeClose (node:internal/child_process:1124:16)
                                                                                                                                  at Process.ChildProcess._handle.onexit (node:internal/child_process:306:5)
